// Jest Snapshot v1, https://goo.gl/fbAQLP

exports[`JoystickControls attachJoystickUI should set the position to the mockPosition 1`] = `
Object {
  "geometries": Array [
    Object {
      "radius": 100,
      "segments": 72,
      "thetaLength": 6.283185307179586,
      "thetaStart": 0,
      "type": "CircleGeometry",
      "uuid": "stripped-for-snapshot-test",
    },
  ],
  "materials": Array [
    Object {
      "color": 1118481,
      "colorWrite": true,
      "depthFunc": 3,
      "depthTest": false,
      "depthWrite": true,
      "emissive": 0,
      "opacity": 0.5,
      "reflectivity": 1,
      "refractionRatio": 0.98,
      "stencilFail": 7680,
      "stencilFunc": 519,
      "stencilFuncMask": 255,
      "stencilRef": 0,
      "stencilWrite": false,
      "stencilWriteMask": 255,
      "stencilZFail": 7680,
      "stencilZPass": 7680,
      "transparent": true,
      "type": "MeshLambertMaterial",
      "uuid": "stripped-for-snapshot-test",
    },
  ],
  "metadata": Object {
    "generator": "Object3D.toJSON",
    "type": "Object",
    "version": 4.5,
  },
  "object": Object {
    "geometry": "stripped-for-snapshot-test",
    "layers": 1,
    "material": "stripped-for-snapshot-test",
    "matrix": Array [
      1,
      0,
      0,
      0,
      0,
      1,
      0,
      0,
      0,
      0,
      1,
      0,
      0,
      0,
      0,
      1,
    ],
    "name": "test-ui",
    "renderOrder": 1,
    "type": "Mesh",
    "uuid": "stripped-for-snapshot-test",
  },
}
`;
